2026-05-11 13:53:49,476 - movie_recommender - INFO - Dataset cargado exitosamente: 9742 películas encontradas.
2026-05-11 13:53:49,479 - movie_recommender - INFO - Creando 'metadata soup' para vectorización...
2026-05-11 13:53:49,509 - movie_recommender - INFO - Generando matriz de características (CountVectorizer)...
2026-05-11 13:53:49,577 - movie_recommender - ERROR - Error crítico en la aplicación: 'MovieRecommender' object has no attribute 'fit'
2026-05-11 13:55:39,402 - movie_recommender - INFO - Dataset cargado exitosamente: 9742 películas encontradas.
2026-05-11 13:55:39,405 - movie_recommender - INFO - Creando 'metadata soup' para vectorización...
2026-05-11 13:55:39,433 - movie_recommender - INFO - Generando matriz de características (CountVectorizer)...
2026-05-11 13:55:39,496 - movie_recommender - INFO - Calculando matriz de similitud coseno...
2026-05-11 13:55:39,689 - movie_recommender - INFO - Modelo 'fitted' exitosamente.
2026-05-11 13:55:55,082 - movie_recommender - WARNING - Entrada de título inválida.
2026-05-11 13:56:26,385 - movie_recommender - WARNING - Película no encontrada: 'Avengers: Endgame (2026)'
2026-05-11 14:04:56,615 - movie_recommender - INFO - Dataset cargado exitosamente: 9742 películas encontradas.
2026-05-11 14:04:56,625 - movie_recommender - INFO - Creando 'metadata soup' para vectorización...
2026-05-11 14:04:56,696 - movie_recommender - INFO - Generando matriz de características (CountVectorizer)...
2026-05-11 14:04:56,916 - movie_recommender - INFO - Dataset cargado exitosamente: 9742 películas encontradas.
2026-05-11 14:04:56,917 - movie_recommender - INFO - Creando 'metadata soup' para vectorización...
2026-05-11 14:04:56,946 - movie_recommender - INFO - Generando matriz de características (CountVectorizer)...
2026-05-11 14:04:57,017 - movie_recommender - INFO - Calculando matriz de similitud coseno...
2026-05-11 14:04:57,212 - movie_recommender - INFO - Modelo 'fitted' exitosamente.
2026-05-11 14:04:57,247 - movie_recommender - INFO - Creando 'metadata soup' para vectorización...
2026-05-11 14:04:57,250 - movie_recommender - INFO - Generando matriz de características (CountVectorizer)...
2026-05-11 14:04:57,252 - movie_recommender - INFO - Calculando matriz de similitud coseno...
2026-05-11 14:04:57,255 - movie_recommender - INFO - Modelo 'fitted' exitosamente.
2026-05-11 14:04:57,262 - movie_recommender - INFO - Creando 'metadata soup' para vectorización...
2026-05-11 14:04:57,265 - movie_recommender - INFO - Generando matriz de características (CountVectorizer)...
2026-05-11 14:04:57,268 - movie_recommender - INFO - Calculando matriz de similitud coseno...
2026-05-11 14:04:57,271 - movie_recommender - INFO - Modelo 'fitted' exitosamente.
2026-05-11 14:04:57,273 - movie_recommender - WARNING - Película no encontrada: 'The Matrix'
2026-05-11 14:04:57,275 - movie_recommender - INFO - Creando 'metadata soup' para vectorización...
2026-05-11 14:04:57,278 - movie_recommender - INFO - Generando matriz de características (CountVectorizer)...
2026-05-11 14:04:57,280 - movie_recommender - INFO - Calculando matriz de similitud coseno...
2026-05-11 14:04:57,282 - movie_recommender - INFO - Modelo 'fitted' exitosamente.
2026-05-11 14:04:57,283 - movie_recommender - WARNING - Entrada de título inválida.
2026-05-11 14:04:57,285 - movie_recommender - WARNING - Entrada de título inválida.
